计数器: 1 2 3 110 120
复合函数: 12 11
原列表: [5, 3, 9, 1, 7, 3]
升序: [1, 3, 3, 5, 7, 9]
降序: [9, 7, 5, 3, 3, 1]
去重: [1, 3, 5, 7, 9]
平方（map）: [25, 9, 81, 1, 49, 9]
筛选（filter）: [5, 3, 9, 1, 7, 3]
折叠（sum）: 28 最大值: 9 最小值: 1
累计索引: [(0, 5), (1, 3), (2, 9), (3, 1)]
配对: [('a', 5), ('b', 3), ('c', 9), ('d', 1)]
按年龄: [('Ann', 25), ('Tom', 30), ('Bob', 35)]
名字: ['Tom', 'Bob']
年龄总和: 90
平方表: [(1, 1), (2, 4), (3, 9), (4, 16), (5, 25)]
偶数平方: {0: 0, 2: 4, 4: 16, 6: 36, 8: 64}
转置: [[1, 4, 7], [2, 5, 8], [3, 6, 9]]
对角: [1, 5, 9]
全部元素: [1, 2, 3, 4, 5, 6, 7, 8, 9]
展平求和: 45
按长度排序: ['apple', 'banana', 'cherry'] 最长: banana
首字母: bac
任意/全部: True True
