                                                                              
                                              ............                    
                                         ...........-:..:......               
                                     ..............::-#::.........            
                                 ................:-@@@@@=+..........          
                              .............::.::::-@@@@@*::::.........        
                           .............:-@@@=@@@@@@@@@@@@@@@=:-=-%:...       
                      .................:=-#@@@@@@@@@@@@@@@@@@@@@@@:.....      
              ..........-:...:#:....:::=%@@@@@@@@@@@@@@@@@@@@@@@@@--=....     
         ...............::-@+@+@=@@::-@@@@@@@@@@@@@@@@@@@@@@@@@@@@@:......    
       .............::::-@@@@@@@@@@@%=@@@@@@@@@@@@@@@@@@@@@@@@@@@@@-......    
      .....:......::-=@@@@@@@@@@@@@@@@@@@@@@@@@@@@@@@@@@@@@@@@@@@@:.......    
      .....:......::-=@@@@@@@@@@@@@@@@@@@@@@@@@@@@@@@@@@@@@@@@@@@@:.......    
       .............::::-@@@@@@@@@@@%=@@@@@@@@@@@@@@@@@@@@@@@@@@@@@-......    
         ...............::-@+@+@=@@::-@@@@@@@@@@@@@@@@@@@@@@@@@@@@@:......    
              ..........-:...:#:....:::=%@@@@@@@@@@@@@@@@@@@@@@@@@--=....     
                      .................:=-#@@@@@@@@@@@@@@@@@@@@@@@:.....      
                           .............:-@@@=@@@@@@@@@@@@@@@=:-=-%:...       
                              .............::.::::-@@@@@*::::.........        
                                 ................:-@@@@@=+..........          
                                     ..............::-#::.........            
                                         ...........-:..:......               
                                              ............                    
                                                                              
